Job <8433995> has been submitted to queue <q_share>
waiting for dispatch ...
RMA_CASE 1 smoke bandwidth_pair_s0_d1_b8_r10_w1_c0 bandwidth bytes=8 reps=10 window=1 cluster=0 time=1791286865
RMA_CASE 2 smoke bandwidth_pair_s0_d8_b8_r10_w1_c0 bandwidth bytes=8 reps=10 window=1 cluster=0 time=1791286865
RMA_CASE 3 smoke bandwidth_pair_s0_d9_b8_r10_w1_c0 bandwidth bytes=8 reps=10 window=1 cluster=0 time=1791286865
RMA_CASE 4 smoke bandwidth_pair_s1_d2_b8_r10_w1_c0 bandwidth bytes=8 reps=10 window=1 cluster=0 time=1791286865
RMA_CASE 5 smoke bandwidth_pair_s8_d16_b8_r10_w1_c0 bandwidth bytes=8 reps=10 window=1 cluster=0 time=1791286865
RMA_CASE 6 smoke bandwidth_pair_s9_d18_b8_r10_w1_c0 bandwidth bytes=8 reps=10 window=1 cluster=0 time=1791286865
RMA_CASE 7 smoke bandwidth_pair_s0_d7_b8_r10_w1_c0 bandwidth bytes=8 reps=10 window=1 cluster=0 time=1791286865
RMA_CASE 8 smoke bandwidth_pair_s0_d56_b8_r10_w1_c0 bandwidth bytes=8 reps=10 window=1 cluster=0 time=1791286865
RMA_CASE 9 smoke bandwidth_pair_s0_d63_b8_r10_w1_c0 bandwidth bytes=8 reps=10 window=1 cluster=0 time=1791286865
RMA_CASE 10 smoke contention_single_s0_d0_b8_r10_w1_c0 contention bytes=8 reps=10 window=1 cluster=0 time=1791286865
RMA_CASE 11 smoke contention_intra2_s0_d0_b8_r10_w1_c0 contention bytes=8 reps=10 window=1 cluster=0 time=1791286865
RMA_CASE 12 smoke contention_split_near2_s0_d0_b8_r10_w1_c0 contention bytes=8 reps=10 window=1 cluster=0 time=1791286865
RMA_CASE 13 smoke contention_split_side2_s0_d0_b8_r10_w1_c0 contention bytes=8 reps=10 window=1 cluster=0 time=1791286865
RMA_CASE 14 smoke contention_split_far2_s0_d0_b8_r10_w1_c0 contention bytes=8 reps=10 window=1 cluster=0 time=1791286865
RMA_CASE 15 smoke contention_incast3_s0_d0_b8_r10_w1_c0 contention bytes=8 reps=10 window=1 cluster=0 time=1791286865
RMA_CASE 16 smoke contention_ring4_s0_d0_b8_r10_w1_c0 contention bytes=8 reps=10 window=1 cluster=0 time=1791286865
RMA_CASE 17 smoke contention_alltoall4_s0_d0_b8_r10_w1_c0 contention bytes=8 reps=10 window=1 cluster=0 time=1791286865
RMA_CASE 18 smoke latency_pingpong_matrix_s0_d0_b8_r10_w1_c0 latency bytes=8 reps=10 window=1 cluster=0 time=1791286865
RMA_CASE 19 raw bandwidth_pair_s0_d7_b128_r2000_w2_c0 bandwidth bytes=128 reps=2000 window=2 cluster=0 time=1791286865
RMA_CASE 20 raw bandwidth_pair_s8_d16_b16384_r2000_w4_c0 bandwidth bytes=16384 reps=2000 window=4 cluster=0 time=1791286865
RMA_CASE 21 raw contention_split_far2_s0_d0_b1024_r2000_w4_c0 contention bytes=1024 reps=2000 window=4 cluster=0 time=1791286865
RMA_CASE 22 raw contention_split_side2_s0_d0_b1024_r2000_w1_c10 contention bytes=1024 reps=2000 window=1 cluster=10 time=1791286865
RMA_CASE 23 raw bandwidth_pair_s0_d1_b64_r2000_w16_c0 bandwidth bytes=64 reps=2000 window=16 cluster=0 time=1791286865
RMA_CASE 24 raw bandwidth_pair_s0_d8_b32768_r2000_w2_c0 bandwidth bytes=32768 reps=2000 window=2 cluster=0 time=1791286865
RMA_CASE 25 raw contention_single_s0_d0_b64_r2000_w1_c0 contention bytes=64 reps=2000 window=1 cluster=0 time=1791286865
RMA_CASE 26 raw bandwidth_pair_s9_d18_b8_r2000_w4_c0 bandwidth bytes=8 reps=2000 window=4 cluster=0 time=1791286865
RMA_CASE 27 raw contention_split_side2_s0_d0_b1024_r2000_w4_c5 contention bytes=1024 reps=2000 window=4 cluster=5 time=1791286865
RMA_CASE 28 raw bandwidth_pair_s0_d63_b32_r2000_w8_c0 bandwidth bytes=32 reps=2000 window=8 cluster=0 time=1791286865
RMA_CASE 29 raw contention_split_near2_s0_d0_b1024_r2000_w4_c5 contention bytes=1024 reps=2000 window=4 cluster=5 time=1791286865
RMA_CASE 30 raw contention_split_near2_s0_d0_b64_r2000_w4_c0 contention bytes=64 reps=2000 window=4 cluster=0 time=1791286865
RMA_CASE 31 raw contention_split_far2_s0_d0_b1024_r2000_w1_c15 contention bytes=1024 reps=2000 window=1 cluster=15 time=1791286865
RMA_CASE 32 raw contention_alltoall4_s0_d0_b1024_r2000_w4_c5 contention bytes=1024 reps=2000 window=4 cluster=5 time=1791286865
RMA_CASE 33 raw bandwidth_pair_s0_d9_b32768_r2000_w2_c0 bandwidth bytes=32768 reps=2000 window=2 cluster=0 time=1791286865
RMA_CASE 34 raw bandwidth_pair_s0_d56_b16384_r2000_w1_c0 bandwidth bytes=16384 reps=2000 window=1 cluster=0 time=1791286865
RMA_CASE 35 raw bandwidth_pair_s9_d18_b32_r2000_w1_c0 bandwidth bytes=32 reps=2000 window=1 cluster=0 time=1791286865
RMA_CASE 36 raw bandwidth_pair_s1_d2_b128_r2000_w16_c0 bandwidth bytes=128 reps=2000 window=16 cluster=0 time=1791286865
RMA_CASE 37 raw bandwidth_pair_s9_d18_b32_r2000_w4_c0 bandwidth bytes=32 reps=2000 window=4 cluster=0 time=1791286865
RMA_CASE 38 raw bandwidth_pair_s8_d16_b1024_r2000_w4_c0 bandwidth bytes=1024 reps=2000 window=4 cluster=0 time=1791286865
RMA_CASE 39 raw contention_split_side2_s0_d0_b1024_r2000_w1_c0 contention bytes=1024 reps=2000 window=1 cluster=0 time=1791286865
RMA_CASE 40 raw contention_split_far2_s0_d0_b1024_r2000_w4_c5 contention bytes=1024 reps=2000 window=4 cluster=5 time=1791286865
RMA_CASE 41 raw contention_intra2_s0_d0_b64_r2000_w4_c15 contention bytes=64 reps=2000 window=4 cluster=15 time=1791286865
RMA_CASE 42 raw contention_intra2_s0_d0_b1024_r2000_w4_c15 contention bytes=1024 reps=2000 window=4 cluster=15 time=1791286865
RMA_CASE 43 raw bandwidth_pair_s0_d1_b128_r2000_w1_c0 bandwidth bytes=128 reps=2000 window=1 cluster=0 time=1791286865
RMA_CASE 44 raw bandwidth_pair_s9_d18_b32_r2000_w8_c0 bandwidth bytes=32 reps=2000 window=8 cluster=0 time=1791286865
RMA_CASE 45 raw contention_single_s0_d0_b64_r2000_w1_c10 contention bytes=64 reps=2000 window=1 cluster=10 time=1791286865
RMA_CASE 46 raw bandwidth_pair_s1_d2_b4096_r2000_w2_c0 bandwidth bytes=4096 reps=2000 window=2 cluster=0 time=1791286865
RMA_CASE 47 raw bandwidth_pair_s9_d18_b64_r2000_w2_c0 bandwidth bytes=64 reps=2000 window=2 cluster=0 time=1791286865
RMA_CASE 48 raw bandwidth_pair_s0_d63_b8_r2000_w4_c0 bandwidth bytes=8 reps=2000 window=4 cluster=0 time=1791286865
RMA_CASE 49 raw bandwidth_pair_s0_d8_b32768_r2000_w1_c0 bandwidth bytes=32768 reps=2000 window=1 cluster=0 time=1791286865
RMA_CASE 50 raw bandwidth_pair_s0_d8_b4096_r2000_w8_c0 bandwidth bytes=4096 reps=2000 window=8 cluster=0 time=1791286865
RMA_CASE 51 raw bandwidth_pair_s0_d9_b256_r2000_w1_c0 bandwidth bytes=256 reps=2000 window=1 cluster=0 time=1791286865
RMA_CASE 52 raw contention_split_side2_s0_d0_b64_r2000_w4_c10 contention bytes=64 reps=2000 window=4 cluster=10 time=1791286865
RMA_CASE 53 raw bandwidth_pair_s0_d1_b8_r2000_w16_c0 bandwidth bytes=8 reps=2000 window=16 cluster=0 time=1791286865
RMA_CASE 54 raw bandwidth_pair_s1_d2_b64_r2000_w16_c0 bandwidth bytes=64 reps=2000 window=16 cluster=0 time=1791286865
RMA_CASE 55 raw bandwidth_pair_s0_d8_b16_r2000_w2_c0 bandwidth bytes=16 reps=2000 window=2 cluster=0 time=1791286865
RMA_CASE 56 raw bandwidth_pair_s0_d7_b64_r2000_w2_c0 bandwidth bytes=64 reps=2000 window=2 cluster=0 time=1791286865
RMA_CASE 57 raw bandwidth_pair_s8_d16_b4096_r2000_w2_c0 bandwidth bytes=4096 reps=2000 window=2 cluster=0 time=1791286865
RMA_CASE 58 raw bandwidth_pair_s0_d56_b64_r2000_w16_c0 bandwidth bytes=64 reps=2000 window=16 cluster=0 time=1791286865
RMA_CASE 59 raw bandwidth_pair_s0_d9_b32_r2000_w2_c0 bandwidth bytes=32 reps=2000 window=2 cluster=0 time=1791286865
RMA_CASE 60 raw bandwidth_pair_s0_d7_b1024_r2000_w16_c0 bandwidth bytes=1024 reps=2000 window=16 cluster=0 time=1791286865
RMA_CASE 61 raw contention_single_s0_d0_b1024_r2000_w4_c5 contention bytes=1024 reps=2000 window=4 cluster=5 time=1791286865
RMA_CASE 62 raw bandwidth_pair_s0_d7_b128_r2000_w16_c0 bandwidth bytes=128 reps=2000 window=16 cluster=0 time=1791286865
RMA_CASE 63 raw bandwidth_pair_s1_d2_b8_r2000_w8_c0 bandwidth bytes=8 reps=2000 window=8 cluster=0 time=1791286865
RMA_CASE 64 raw bandwidth_pair_s8_d16_b16_r2000_w8_c0 bandwidth bytes=16 reps=2000 window=8 cluster=0 time=1791286865
RMA_CASE 65 raw bandwidth_pair_s0_d9_b128_r2000_w4_c0 bandwidth bytes=128 reps=2000 window=4 cluster=0 time=1791286865
RMA_CASE 66 raw bandwidth_pair_s0_d63_b1024_r2000_w16_c0 bandwidth bytes=1024 reps=2000 window=16 cluster=0 time=1791286865
RMA_CASE 67 raw bandwidth_pair_s1_d2_b4096_r2000_w8_c0 bandwidth bytes=4096 reps=2000 window=8 cluster=0 time=1791286865
RMA_CASE 68 raw bandwidth_pair_s0_d63_b256_r2000_w1_c0 bandwidth bytes=256 reps=2000 window=1 cluster=0 time=1791286865
RMA_CASE 69 raw bandwidth_pair_s9_d18_b4096_r2000_w2_c0 bandwidth bytes=4096 reps=2000 window=2 cluster=0 time=1791286865
RMA_CASE 70 raw contention_single_s0_d0_b64_r2000_w4_c15 contention bytes=64 reps=2000 window=4 cluster=15 time=1791286865
RMA_CASE 71 raw bandwidth_pair_s0_d8_b8_r2000_w1_c0 bandwidth bytes=8 reps=2000 window=1 cluster=0 time=1791286865
RMA_CASE 72 raw bandwidth_pair_s1_d2_b4096_r2000_w16_c0 bandwidth bytes=4096 reps=2000 window=16 cluster=0 time=1791286865
RMA_CASE 73 raw bandwidth_pair_s0_d8_b128_r2000_w16_c0 bandwidth bytes=128 reps=2000 window=16 cluster=0 time=1791286865
RMA_CASE 74 raw bandwidth_pair_s0_d7_b256_r2000_w1_c0 bandwidth bytes=256 reps=2000 window=1 cluster=0 time=1791286865
RMA_CASE 75 raw bandwidth_pair_s0_d1_b16_r2000_w16_c0 bandwidth bytes=16 reps=2000 window=16 cluster=0 time=1791286865
RMA_CASE 76 raw bandwidth_pair_s0_d1_b256_r2000_w1_c0 bandwidth bytes=256 reps=2000 window=1 cluster=0 time=1791286866
RMA_CASE 77 raw bandwidth_pair_s0_d8_b256_r2000_w2_c0 bandwidth bytes=256 reps=2000 window=2 cluster=0 time=1791286866
RMA_CASE 78 raw bandwidth_pair_s0_d56_b32_r2000_w2_c0 bandwidth bytes=32 reps=2000 window=2 cluster=0 time=1791286866
RMA_CASE 79 raw bandwidth_pair_s0_d63_b128_r2000_w16_c0 bandwidth bytes=128 reps=2000 window=16 cluster=0 time=1791286866
RMA_CASE 80 raw contention_split_side2_s0_d0_b64_r2000_w4_c15 contention bytes=64 reps=2000 window=4 cluster=15 time=1791286866
RMA_CASE 81 raw contention_alltoall4_s0_d0_b64_r2000_w4_c0 contention bytes=64 reps=2000 window=4 cluster=0 time=1791286866
RMA_CASE 82 raw contention_single_s0_d0_b64_r2000_w4_c10 contention bytes=64 reps=2000 window=4 cluster=10 time=1791286866
RMA_CASE 83 raw latency_pingpong_matrix_s0_d0_b16_r2000_w1_c0 latency bytes=16 reps=2000 window=1 cluster=0 time=1791286866
RMA_CASE 84 raw bandwidth_pair_s0_d8_b128_r2000_w8_c0 bandwidth bytes=128 reps=2000 window=8 cluster=0 time=1791286866
RMA_CASE 85 raw bandwidth_pair_s0_d63_b128_r2000_w8_c0 bandwidth bytes=128 reps=2000 window=8 cluster=0 time=1791286866
RMA_CASE 86 raw bandwidth_pair_s0_d7_b256_r2000_w2_c0 bandwidth bytes=256 reps=2000 window=2 cluster=0 time=1791286866
RMA_CASE 87 raw bandwidth_pair_s0_d63_b16384_r2000_w2_c0 bandwidth bytes=16384 reps=2000 window=2 cluster=0 time=1791286866
RMA_CASE 88 raw bandwidth_pair_s0_d8_b65536_r2000_w1_c0 bandwidth bytes=65536 reps=2000 window=1 cluster=0 time=1791286866
RMA_CASE 89 raw bandwidth_pair_s0_d1_b8_r2000_w2_c0 bandwidth bytes=8 reps=2000 window=2 cluster=0 time=1791286866
RMA_CASE 90 raw bandwidth_pair_s0_d7_b256_r2000_w4_c0 bandwidth bytes=256 reps=2000 window=4 cluster=0 time=1791286866
RMA_CASE 91 raw contention_split_near2_s0_d0_b1024_r2000_w1_c0 contention bytes=1024 reps=2000 window=1 cluster=0 time=1791286866
RMA_CASE 92 raw bandwidth_pair_s0_d63_b1024_r2000_w2_c0 bandwidth bytes=1024 reps=2000 window=2 cluster=0 time=1791286866
RMA_CASE 93 raw bandwidth_pair_s0_d9_b16_r2000_w4_c0 bandwidth bytes=16 reps=2000 window=4 cluster=0 time=1791286866
RMA_CASE 94 raw bandwidth_pair_s8_d16_b1024_r2000_w16_c0 bandwidth bytes=1024 reps=2000 window=16 cluster=0 time=1791286866
RMA_CASE 95 raw bandwidth_pair_s1_d2_b1024_r2000_w8_c0 bandwidth bytes=1024 reps=2000 window=8 cluster=0 time=1791286866
RMA_CASE 96 raw contention_incast3_s0_d0_b64_r2000_w1_c10 contention bytes=64 reps=2000 window=1 cluster=10 time=1791286866
RMA_CASE 97 raw bandwidth_pair_s0_d8_b32_r2000_w16_c0 bandwidth bytes=32 reps=2000 window=16 cluster=0 time=1791286866
RMA_CASE 98 raw contention_intra2_s0_d0_b1024_r2000_w4_c10 contention bytes=1024 reps=2000 window=4 cluster=10 time=1791286866
RMA_CASE 99 raw contention_single_s0_d0_b1024_r2000_w1_c0 contention bytes=1024 reps=2000 window=1 cluster=0 time=1791286866
RMA_CASE 100 raw bandwidth_pair_s0_d63_b8_r2000_w1_c0 bandwidth bytes=8 reps=2000 window=1 cluster=0 time=1791286866
RMA_CASE 101 raw bandwidth_pair_s0_d9_b8_r2000_w16_c0 bandwidth bytes=8 reps=2000 window=16 cluster=0 time=1791286866
RMA_CASE 102 raw bandwidth_pair_s0_d63_b64_r2000_w1_c0 bandwidth bytes=64 reps=2000 window=1 cluster=0 time=1791286867
RMA_CASE 103 raw bandwidth_pair_s9_d18_b16_r2000_w16_c0 bandwidth bytes=16 reps=2000 window=16 cluster=0 time=1791286867
RMA_CASE 104 raw bandwidth_pair_s0_d7_b16384_r2000_w4_c0 bandwidth bytes=16384 reps=2000 window=4 cluster=0 time=1791286867
RMA_CASE 105 raw bandwidth_pair_s0_d1_b128_r2000_w8_c0 bandwidth bytes=128 reps=2000 window=8 cluster=0 time=1791286867
RMA_CASE 106 raw contention_intra2_s0_d0_b1024_r2000_w1_c15 contention bytes=1024 reps=2000 window=1 cluster=15 time=1791286867
RMA_CASE 107 raw contention_single_s0_d0_b64_r2000_w1_c5 contention bytes=64 reps=2000 window=1 cluster=5 time=1791286867
RMA_CASE 108 raw bandwidth_pair_s0_d7_b16_r2000_w2_c0 bandwidth bytes=16 reps=2000 window=2 cluster=0 time=1791286867
RMA_CASE 109 raw contention_intra2_s0_d0_b1024_r2000_w1_c10 contention bytes=1024 reps=2000 window=1 cluster=10 time=1791286867
RMA_CASE 110 raw contention_ring4_s0_d0_b1024_r2000_w1_c15 contention bytes=1024 reps=2000 window=1 cluster=15 time=1791286867
RMA_CASE 111 raw bandwidth_pair_s0_d63_b4096_r2000_w2_c0 bandwidth bytes=4096 reps=2000 window=2 cluster=0 time=1791286867
RMA_CASE 112 raw bandwidth_pair_s0_d56_b128_r2000_w16_c0 bandwidth bytes=128 reps=2000 window=16 cluster=0 time=1791286867
RMA_CASE 113 raw bandwidth_pair_s0_d7_b32768_r2000_w1_c0 bandwidth bytes=32768 reps=2000 window=1 cluster=0 time=1791286867
RMA_CASE 114 raw bandwidth_pair_s0_d7_b8_r2000_w2_c0 bandwidth bytes=8 reps=2000 window=2 cluster=0 time=1791286867
RMA_CASE 115 raw contention_incast3_s0_d0_b64_r2000_w4_c15 contention bytes=64 reps=2000 window=4 cluster=15 time=1791286867
RMA_CASE 116 raw bandwidth_pair_s0_d8_b32_r2000_w1_c0 bandwidth bytes=32 reps=2000 window=1 cluster=0 time=1791286867
RMA_CASE 117 raw contention_intra2_s0_d0_b64_r2000_w4_c10 contention bytes=64 reps=2000 window=4 cluster=10 time=1791286867
RMA_CASE 118 raw bandwidth_pair_s0_d56_b4096_r2000_w8_c0 bandwidth bytes=4096 reps=2000 window=8 cluster=0 time=1791286867
RMA_CASE 119 raw contention_intra2_s0_d0_b1024_r2000_w4_c5 contention bytes=1024 reps=2000 window=4 cluster=5 time=1791286867
RMA_CASE 120 raw contention_ring4_s0_d0_b1024_r2000_w4_c0 contention bytes=1024 reps=2000 window=4 cluster=0 time=1791286867
RMA_CASE 121 raw contention_split_near2_s0_d0_b1024_r2000_w1_c5 contention bytes=1024 reps=2000 window=1 cluster=5 time=1791286867
RMA_CASE 122 raw bandwidth_pair_s1_d2_b128_r2000_w2_c0 bandwidth bytes=128 reps=2000 window=2 cluster=0 time=1791286867
RMA_CASE 123 raw bandwidth_pair_s8_d16_b256_r2000_w2_c0 bandwidth bytes=256 reps=2000 window=2 cluster=0 time=1791286867
RMA_CASE 124 raw bandwidth_pair_s9_d18_b32768_r2000_w2_c0 bandwidth bytes=32768 reps=2000 window=2 cluster=0 time=1791286867
RMA_CASE 125 raw bandwidth_pair_s0_d1_b4096_r2000_w8_c0 bandwidth bytes=4096 reps=2000 window=8 cluster=0 time=1791286867
RMA_CASE 126 raw contention_split_near2_s0_d0_b1024_r2000_w1_c10 contention bytes=1024 reps=2000 window=1 cluster=10 time=1791286867
RMA_CASE 127 raw bandwidth_pair_s0_d63_b4096_r2000_w1_c0 bandwidth bytes=4096 reps=2000 window=1 cluster=0 time=1791286867
RMA_CASE 128 raw bandwidth_pair_s0_d63_b32768_r2000_w2_c0 bandwidth bytes=32768 reps=2000 window=2 cluster=0 time=1791286867
RMA_CASE 129 raw bandwidth_pair_s0_d8_b16_r2000_w16_c0 bandwidth bytes=16 reps=2000 window=16 cluster=0 time=1791286867
RMA_CASE 130 raw contention_intra2_s0_d0_b1024_r2000_w1_c5 contention bytes=1024 reps=2000 window=1 cluster=5 time=1791286867
RMA_CASE 131 raw bandwidth_pair_s0_d1_b32768_r2000_w1_c0 bandwidth bytes=32768 reps=2000 window=1 cluster=0 time=1791286867
RMA_CASE 132 raw contention_alltoall4_s0_d0_b64_r2000_w1_c0 contention bytes=64 reps=2000 window=1 cluster=0 time=1791286867
RMA_CASE 133 raw bandwidth_pair_s1_d2_b256_r2000_w4_c0 bandwidth bytes=256 reps=2000 window=4 cluster=0 time=1791286867
RMA_CASE 134 raw bandwidth_pair_s0_d63_b1024_r2000_w8_c0 bandwidth bytes=1024 reps=2000 window=8 cluster=0 time=1791286867
RMA_CASE 135 raw bandwidth_pair_s0_d9_b8_r2000_w8_c0 bandwidth bytes=8 reps=2000 window=8 cluster=0 time=1791286867
RMA_CASE 136 raw bandwidth_pair_s0_d56_b16_r2000_w16_c0 bandwidth bytes=16 reps=2000 window=16 cluster=0 time=1791286867
RMA_CASE 137 raw bandwidth_pair_s9_d18_b16_r2000_w1_c0 bandwidth bytes=16 reps=2000 window=1 cluster=0 time=1791286867
RMA_CASE 138 raw bandwidth_pair_s0_d63_b64_r2000_w8_c0 bandwidth bytes=64 reps=2000 window=8 cluster=0 time=1791286867
RMA_CASE 139 raw latency_pingpong_matrix_s0_d0_b64_r2000_w1_c0 latency bytes=64 reps=2000 window=1 cluster=0 time=1791286867
RMA_CASE 140 raw bandwidth_pair_s0_d7_b65536_r2000_w1_c0 bandwidth bytes=65536 reps=2000 window=1 cluster=0 time=1791286868
RMA_CASE 141 raw latency_pingpong_matrix_s0_d0_b128_r2000_w1_c0 latency bytes=128 reps=2000 window=1 cluster=0 time=1791286868
RMA_CASE 142 raw bandwidth_pair_s0_d8_b16384_r2000_w1_c0 bandwidth bytes=16384 reps=2000 window=1 cluster=0 time=1791286868
RMA_CASE 143 raw bandwidth_pair_s0_d63_b8_r2000_w8_c0 bandwidth bytes=8 reps=2000 window=8 cluster=0 time=1791286868
RMA_CASE 144 raw bandwidth_pair_s0_d9_b256_r2000_w16_c0 bandwidth bytes=256 reps=2000 window=16 cluster=0 time=1791286868
RMA_CASE 145 raw bandwidth_pair_s0_d1_b64_r2000_w1_c0 bandwidth bytes=64 reps=2000 window=1 cluster=0 time=1791286868
RMA_CASE 146 raw bandwidth_pair_s0_d9_b8_r2000_w2_c0 bandwidth bytes=8 reps=2000 window=2 cluster=0 time=1791286868
RMA_CASE 147 raw bandwidth_pair_s0_d8_b128_r2000_w4_c0 bandwidth bytes=128 reps=2000 window=4 cluster=0 time=1791286868
RMA_CASE 148 raw bandwidth_pair_s0_d63_b16_r2000_w4_c0 bandwidth bytes=16 reps=2000 window=4 cluster=0 time=1791286868
RMA_CASE 149 raw contention_intra2_s0_d0_b1024_r2000_w1_c0 contention bytes=1024 reps=2000 window=1 cluster=0 time=1791286868
RMA_CASE 150 raw bandwidth_pair_s0_d56_b256_r2000_w1_c0 bandwidth bytes=256 reps=2000 window=1 cluster=0 time=1791286868
RMA_CASE 151 raw bandwidth_pair_s0_d8_b1024_r2000_w4_c0 bandwidth bytes=1024 reps=2000 window=4 cluster=0 time=1791286868
RMA_CASE 152 raw bandwidth_pair_s0_d7_b32_r2000_w4_c0 bandwidth bytes=32 reps=2000 window=4 cluster=0 time=1791286868
RMA_CASE 153 raw bandwidth_pair_s9_d18_b1024_r2000_w16_c0 bandwidth bytes=1024 reps=2000 window=16 cluster=0 time=1791286868
RMA_CASE 154 raw bandwidth_pair_s0_d7_b128_r2000_w1_c0 bandwidth bytes=128 reps=2000 window=1 cluster=0 time=1791286869
RMA_CASE 155 raw bandwidth_pair_s0_d9_b16_r2000_w1_c0 bandwidth bytes=16 reps=2000 window=1 cluster=0 time=1791286869
RMA_CASE 156 raw contention_alltoall4_s0_d0_b64_r2000_w1_c5 contention bytes=64 reps=2000 window=1 cluster=5 time=1791286869
RMA_CASE 157 raw bandwidth_pair_s0_d8_b256_r2000_w8_c0 bandwidth bytes=256 reps=2000 window=8 cluster=0 time=1791286869
RMA_CASE 158 raw contention_single_s0_d0_b1024_r2000_w4_c10 contention bytes=1024 reps=2000 window=4 cluster=10 time=1791286869
RMA_CASE 159 raw bandwidth_pair_s0_d56_b32_r2000_w1_c0 bandwidth bytes=32 reps=2000 window=1 cluster=0 time=1791286869
RMA_CASE 160 raw contention_alltoall4_s0_d0_b64_r2000_w4_c10 contention bytes=64 reps=2000 window=4 cluster=10 time=1791286869
RMA_CASE 161 raw bandwidth_pair_s0_d1_b16_r2000_w8_c0 bandwidth bytes=16 reps=2000 window=8 cluster=0 time=1791286869
RMA_CASE 162 raw bandwidth_pair_s1_d2_b128_r2000_w8_c0 bandwidth bytes=128 reps=2000 window=8 cluster=0 time=1791286869
RMA_CASE 163 raw bandwidth_pair_s0_d7_b256_r2000_w8_c0 bandwidth bytes=256 reps=2000 window=8 cluster=0 time=1791286869
RMA_CASE 164 raw bandwidth_pair_s0_d9_b16_r2000_w2_c0 bandwidth bytes=16 reps=2000 window=2 cluster=0 time=1791286869
RMA_CASE 165 raw bandwidth_pair_s0_d7_b1024_r2000_w1_c0 bandwidth bytes=1024 reps=2000 window=1 cluster=0 time=1791286869
RMA_CASE 166 raw bandwidth_pair_s1_d2_b256_r2000_w16_c0 bandwidth bytes=256 reps=2000 window=16 cluster=0 time=1791286869
RMA_CASE 167 raw bandwidth_pair_s0_d8_b256_r2000_w1_c0 bandwidth bytes=256 reps=2000 window=1 cluster=0 time=1791286869
RMA_CASE 168 raw bandwidth_pair_s0_d1_b256_r2000_w4_c0 bandwidth bytes=256 reps=2000 window=4 cluster=0 time=1791286869
RMA_CASE 169 raw bandwidth_pair_s8_d16_b8_r2000_w2_c0 bandwidth bytes=8 reps=2000 window=2 cluster=0 time=1791286869
RMA_CASE 170 raw bandwidth_pair_s0_d63_b16384_r2000_w1_c0 bandwidth bytes=16384 reps=2000 window=1 cluster=0 time=1791286869
RMA_CASE 171 raw bandwidth_pair_s8_d16_b1024_r2000_w1_c0 bandwidth bytes=1024 reps=2000 window=1 cluster=0 time=1791286869
RMA_CASE 172 raw bandwidth_pair_s0_d63_b128_r2000_w2_c0 bandwidth bytes=128 reps=2000 window=2 cluster=0 time=1791286869
RMA_CASE 173 raw bandwidth_pair_s0_d7_b8_r2000_w4_c0 bandwidth bytes=8 reps=2000 window=4 cluster=0 time=1791286869
RMA_CASE 174 raw bandwidth_pair_s1_d2_b64_r2000_w2_c0 bandwidth bytes=64 reps=2000 window=2 cluster=0 time=1791286869
RMA_CASE 175 raw bandwidth_pair_s0_d9_b1024_r2000_w2_c0 bandwidth bytes=1024 reps=2000 window=2 cluster=0 time=1791286869
RMA_CASE 176 raw bandwidth_pair_s0_d7_b16_r2000_w16_c0 bandwidth bytes=16 reps=2000 window=16 cluster=0 time=1791286869
RMA_CASE 177 raw bandwidth_pair_s0_d7_b8_r2000_w8_c0 bandwidth bytes=8 reps=2000 window=8 cluster=0 time=1791286869
RMA_CASE 178 raw bandwidth_pair_s0_d1_b8_r2000_w1_c0 bandwidth bytes=8 reps=2000 window=1 cluster=0 time=1791286869
RMA_CASE 179 raw bandwidth_pair_s0_d7_b4096_r2000_w2_c0 bandwidth bytes=4096 reps=2000 window=2 cluster=0 time=1791286869
RMA_CASE 180 raw bandwidth_pair_s0_d63_b1024_r2000_w4_c0 bandwidth bytes=1024 reps=2000 window=4 cluster=0 time=1791286869
RMA_CASE 181 raw contention_split_far2_s0_d0_b1024_r2000_w4_c15 contention bytes=1024 reps=2000 window=4 cluster=15 time=1791286869
RMA_CASE 182 raw bandwidth_pair_s8_d16_b64_r2000_w1_c0 bandwidth bytes=64 reps=2000 window=1 cluster=0 time=1791286869
RMA_CASE 183 raw bandwidth_pair_s0_d7_b64_r2000_w8_c0 bandwidth bytes=64 reps=2000 window=8 cluster=0 time=1791286869
RMA_CASE 184 raw bandwidth_pair_s0_d1_b256_r2000_w2_c0 bandwidth bytes=256 reps=2000 window=2 cluster=0 time=1791286869
RMA_CASE 185 raw contention_ring4_s0_d0_b64_r2000_w1_c15 contention bytes=64 reps=2000 window=1 cluster=15 time=1791286869
RMA_CASE 186 raw bandwidth_pair_s0_d8_b4096_r2000_w4_c0 bandwidth bytes=4096 reps=2000 window=4 cluster=0 time=1791286869
RMA_CASE 187 raw bandwidth_pair_s0_d1_b1024_r2000_w1_c0 bandwidth bytes=1024 reps=2000 window=1 cluster=0 time=1791286869
RMA_CASE 188 raw contention_split_side2_s0_d0_b64_r2000_w1_c0 contention bytes=64 reps=2000 window=1 cluster=0 time=1791286869
RMA_CASE 189 raw bandwidth_pair_s8_d16_b32_r2000_w1_c0 bandwidth bytes=32 reps=2000 window=1 cluster=0 time=1791286869
RMA_CASE 190 raw contention_single_s0_d0_b1024_r2000_w1_c15 contention bytes=1024 reps=2000 window=1 cluster=15 time=1791286869
RMA_CASE 191 raw bandwidth_pair_s0_d7_b16_r2000_w1_c0 bandwidth bytes=16 reps=2000 window=1 cluster=0 time=1791286869
RMA_CASE 192 raw bandwidth_pair_s0_d56_b8_r2000_w2_c0 bandwidth bytes=8 reps=2000 window=2 cluster=0 time=1791286869
RMA_CASE 193 raw contention_split_side2_s0_d0_b1024_r2000_w1_c15 contention bytes=1024 reps=2000 window=1 cluster=15 time=1791286869
RMA_CASE 194 raw bandwidth_pair_s1_d2_b16_r2000_w4_c0 bandwidth bytes=16 reps=2000 window=4 cluster=0 time=1791286869
RMA_CASE 195 raw bandwidth_pair_s0_d1_b128_r2000_w2_c0 bandwidth bytes=128 reps=2000 window=2 cluster=0 time=1791286869
RMA_CASE 196 raw bandwidth_pair_s9_d18_b32_r2000_w16_c0 bandwidth bytes=32 reps=2000 window=16 cluster=0 time=1791286869
RMA_CASE 197 raw bandwidth_pair_s0_d7_b8_r2000_w16_c0 bandwidth bytes=8 reps=2000 window=16 cluster=0 time=1791286869
RMA_CASE 198 raw bandwidth_pair_s0_d63_b4096_r2000_w4_c0 bandwidth bytes=4096 reps=2000 window=4 cluster=0 time=1791286869
RMA_CASE 199 raw bandwidth_pair_s1_d2_b16_r2000_w1_c0 bandwidth bytes=16 reps=2000 window=1 cluster=0 time=1791286869
RMA_CASE 200 raw bandwidth_pair_s1_d2_b16384_r2000_w1_c0 bandwidth bytes=16384 reps=2000 window=1 cluster=0 time=1791286869
RMA_CASE 201 raw contention_incast3_s0_d0_b1024_r2000_w4_c15 contention bytes=1024 reps=2000 window=4 cluster=15 time=1791286869
RMA_CASE 202 raw bandwidth_pair_s0_d8_b32_r2000_w2_c0 bandwidth bytes=32 reps=2000 window=2 cluster=0 time=1791286869
RMA_CASE 203 raw bandwidth_pair_s0_d63_b32_r2000_w4_c0 bandwidth bytes=32 reps=2000 window=4 cluster=0 time=1791286869
RMA_CASE 204 raw bandwidth_pair_s1_d2_b128_r2000_w4_c0 bandwidth bytes=128 reps=2000 window=4 cluster=0 time=1791286869
RMA_CASE 205 raw bandwidth_pair_s0_d63_b8_r2000_w2_c0 bandwidth bytes=8 reps=2000 window=2 cluster=0 time=1791286869
RMA_CASE 206 raw contention_split_far2_s0_d0_b64_r2000_w4_c0 contention bytes=64 reps=2000 window=4 cluster=0 time=1791286869
RMA_CASE 207 raw bandwidth_pair_s0_d9_b64_r2000_w8_c0 bandwidth bytes=64 reps=2000 window=8 cluster=0 time=1791286869
RMA_CASE 208 raw contention_single_s0_d0_b1024_r2000_w1_c5 contention bytes=1024 reps=2000 window=1 cluster=5 time=1791286869
RMA_CASE 209 raw bandwidth_pair_s8_d16_b16384_r2000_w1_c0 bandwidth bytes=16384 reps=2000 window=1 cluster=0 time=1791286869
RMA_CASE 210 raw bandwidth_pair_s8_d16_b128_r2000_w4_c0 bandwidth bytes=128 reps=2000 window=4 cluster=0 time=1791286869
RMA_CASE 211 raw bandwidth_pair_s0_d9_b1024_r2000_w16_c0 bandwidth bytes=1024 reps=2000 window=16 cluster=0 time=1791286869
RMA_CASE 212 raw contention_split_far2_s0_d0_b64_r2000_w4_c15 contention bytes=64 reps=2000 window=4 cluster=15 time=1791286869
RMA_CASE 213 raw contention_incast3_s0_d0_b64_r2000_w4_c10 contention bytes=64 reps=2000 window=4 cluster=10 time=1791286869
RMA_CASE 214 raw bandwidth_pair_s9_d18_b8_r2000_w8_c0 bandwidth bytes=8 reps=2000 window=8 cluster=0 time=1791286869
RMA_CASE 215 raw bandwidth_pair_s9_d18_b256_r2000_w8_c0 bandwidth bytes=256 reps=2000 window=8 cluster=0 time=1791286869
RMA_CASE 216 raw bandwidth_pair_s0_d63_b64_r2000_w2_c0 bandwidth bytes=64 reps=2000 window=2 cluster=0 time=1791286869
RMA_CASE 217 raw bandwidth_pair_s0_d1_b32768_r2000_w2_c0 bandwidth bytes=32768 reps=2000 window=2 cluster=0 time=1791286869
RMA_CASE 218 raw bandwidth_pair_s9_d18_b16384_r2000_w4_c0 bandwidth bytes=16384 reps=2000 window=4 cluster=0 time=1791286869
RMA_CASE 219 raw contention_incast3_s0_d0_b1024_r2000_w1_c15 contention bytes=1024 reps=2000 window=1 cluster=15 time=1791286869
RMA_CASE 220 raw bandwidth_pair_s0_d9_b4096_r2000_w1_c0 bandwidth bytes=4096 reps=2000 window=1 cluster=0 time=1791286869
RMA_CASE 221 raw contention_split_side2_s0_d0_b64_r2000_w4_c0 contention bytes=64 reps=2000 window=4 cluster=0 time=1791286869
RMA_CASE 222 raw bandwidth_pair_s0_d63_b64_r2000_w4_c0 bandwidth bytes=64 reps=2000 window=4 cluster=0 time=1791286869
RMA_CASE 223 raw bandwidth_pair_s0_d56_b64_r2000_w4_c0 bandwidth bytes=64 reps=2000 window=4 cluster=0 time=1791286869
RMA_CASE 224 raw bandwidth_pair_s0_d1_b64_r2000_w8_c0 bandwidth bytes=64 reps=2000 window=8 cluster=0 time=1791286869
RMA_CASE 225 raw bandwidth_pair_s0_d8_b16_r2000_w1_c0 bandwidth bytes=16 reps=2000 window=1 cluster=0 time=1791286869
RMA_CASE 226 raw contention_single_s0_d0_b64_r2000_w1_c15 contention bytes=64 reps=2000 window=1 cluster=15 time=1791286869
RMA_CASE 227 raw bandwidth_pair_s9_d18_b4096_r2000_w4_c0 bandwidth bytes=4096 reps=2000 window=4 cluster=0 time=1791286869
RMA_CASE 228 raw bandwidth_pair_s0_d1_b4096_r2000_w16_c0 bandwidth bytes=4096 reps=2000 window=16 cluster=0 time=1791286869
RMA_CASE 229 raw bandwidth_pair_s0_d63_b4096_r2000_w8_c0 bandwidth bytes=4096 reps=2000 window=8 cluster=0 time=1791286869
RMA_CASE 230 raw bandwidth_pair_s1_d2_b32768_r2000_w2_c0 bandwidth bytes=32768 reps=2000 window=2 cluster=0 time=1791286869
RMA_CASE 231 raw contention_incast3_s0_d0_b64_r2000_w1_c5 contention bytes=64 reps=2000 window=1 cluster=5 time=1791286869
RMA_CASE 232 raw bandwidth_pair_s0_d1_b1024_r2000_w8_c0 bandwidth bytes=1024 reps=2000 window=8 cluster=0 time=1791286869
RMA_CASE 233 raw bandwidth_pair_s1_d2_b8_r2000_w4_c0 bandwidth bytes=8 reps=2000 window=4 cluster=0 time=1791286869
RMA_CASE 234 raw bandwidth_pair_s0_d1_b1024_r2000_w4_c0 bandwidth bytes=1024 reps=2000 window=4 cluster=0 time=1791286869
RMA_CASE 235 raw bandwidth_pair_s1_d2_b32_r2000_w4_c0 bandwidth bytes=32 reps=2000 window=4 cluster=0 time=1791286869
RMA_CASE 236 raw bandwidth_pair_s1_d2_b8_r2000_w16_c0 bandwidth bytes=8 reps=2000 window=16 cluster=0 time=1791286869
RMA_CASE 237 raw contention_split_side2_s0_d0_b64_r2000_w1_c10 contention bytes=64 reps=2000 window=1 cluster=10 time=1791286869
RMA_CASE 238 raw bandwidth_pair_s0_d9_b128_r2000_w16_c0 bandwidth bytes=128 reps=2000 window=16 cluster=0 time=1791286869
RMA_CASE 239 raw bandwidth_pair_s0_d56_b16_r2000_w1_c0 bandwidth bytes=16 reps=2000 window=1 cluster=0 time=1791286869
RMA_CASE 240 raw bandwidth_pair_s0_d7_b1024_r2000_w2_c0 bandwidth bytes=1024 reps=2000 window=2 cluster=0 time=1791286869
RMA_CASE 241 raw contention_split_far2_s0_d0_b1024_r2000_w4_c10 contention bytes=1024 reps=2000 window=4 cluster=10 time=1791286869
RMA_CASE 242 raw bandwidth_pair_s0_d9_b128_r2000_w2_c0 bandwidth bytes=128 reps=2000 window=2 cluster=0 time=1791286869
RMA_CASE 243 raw bandwidth_pair_s8_d16_b64_r2000_w16_c0 bandwidth bytes=64 reps=2000 window=16 cluster=0 time=1791286869
RMA_CASE 244 raw bandwidth_pair_s0_d9_b32_r2000_w8_c0 bandwidth bytes=32 reps=2000 window=8 cluster=0 time=1791286869
RMA_CASE 245 raw contention_split_far2_s0_d0_b1024_r2000_w1_c0 contention bytes=1024 reps=2000 window=1 cluster=0 time=1791286869
RMA_CASE 246 raw contention_split_far2_s0_d0_b64_r2000_w1_c10 contention bytes=64 reps=2000 window=1 cluster=10 time=1791286869
RMA_CASE 247 raw contention_intra2_s0_d0_b64_r2000_w4_c5 contention bytes=64 reps=2000 window=4 cluster=5 time=1791286869
RMA_CASE 248 raw bandwidth_pair_s0_d9_b64_r2000_w2_c0 bandwidth bytes=64 reps=2000 window=2 cluster=0 time=1791286869
RMA_CASE 249 raw contention_single_s0_d0_b1024_r2000_w4_c0 contention bytes=1024 reps=2000 window=4 cluster=0 time=1791286869
RMA_CASE 250 raw contention_split_near2_s0_d0_b64_r2000_w1_c10 contention bytes=64 reps=2000 window=1 cluster=10 time=1791286869
RMA_CASE 251 raw bandwidth_pair_s0_d7_b64_r2000_w16_c0 bandwidth bytes=64 reps=2000 window=16 cluster=0 time=1791286869
RMA_CASE 252 raw bandwidth_pair_s0_d1_b64_r2000_w4_c0 bandwidth bytes=64 reps=2000 window=4 cluster=0 time=1791286869
RMA_CASE 253 raw latency_pingpong_matrix_s0_d0_b8_r2000_w1_c0 latency bytes=8 reps=2000 window=1 cluster=0 time=1791286869
RMA_CASE 254 raw bandwidth_pair_s1_d2_b256_r2000_w2_c0 bandwidth bytes=256 reps=2000 window=2 cluster=0 time=1791286870
RMA_CASE 255 raw bandwidth_pair_s8_d16_b256_r2000_w16_c0 bandwidth bytes=256 reps=2000 window=16 cluster=0 time=1791286870
RMA_CASE 256 raw bandwidth_pair_s9_d18_b128_r2000_w2_c0 bandwidth bytes=128 reps=2000 window=2 cluster=0 time=1791286870
RMA_CASE 257 raw bandwidth_pair_s0_d9_b8_r2000_w1_c0 bandwidth bytes=8 reps=2000 window=1 cluster=0 time=1791286870
RMA_CASE 258 raw bandwidth_pair_s0_d9_b32_r2000_w16_c0 bandwidth bytes=32 reps=2000 window=16 cluster=0 time=1791286870
RMA_CASE 259 raw bandwidth_pair_s0_d63_b65536_r2000_w1_c0 bandwidth bytes=65536 reps=2000 window=1 cluster=0 time=1791286870
RMA_CASE 260 raw bandwidth_pair_s0_d63_b256_r2000_w4_c0 bandwidth bytes=256 reps=2000 window=4 cluster=0 time=1791286870
RMA_CASE 261 raw bandwidth_pair_s0_d1_b16_r2000_w4_c0 bandwidth bytes=16 reps=2000 window=4 cluster=0 time=1791286870
RMA_CASE 262 raw bandwidth_pair_s0_d56_b1024_r2000_w1_c0 bandwidth bytes=1024 reps=2000 window=1 cluster=0 time=1791286870
RMA_CASE 263 raw contention_ring4_s0_d0_b1024_r2000_w4_c15 contention bytes=1024 reps=2000 window=4 cluster=15 time=1791286870
RMA_CASE 264 raw bandwidth_pair_s0_d1_b4096_r2000_w2_c0 bandwidth bytes=4096 reps=2000 window=2 cluster=0 time=1791286870
RMA_CASE 265 raw bandwidth_pair_s0_d7_b32_r2000_w1_c0 bandwidth bytes=32 reps=2000 window=1 cluster=0 time=1791286870
RMA_CASE 266 raw bandwidth_pair_s0_d56_b4096_r2000_w4_c0 bandwidth bytes=4096 reps=2000 window=4 cluster=0 time=1791286870
RMA_CASE 267 raw bandwidth_pair_s0_d9_b64_r2000_w1_c0 bandwidth bytes=64 reps=2000 window=1 cluster=0 time=1791286870
RMA_CASE 268 raw bandwidth_pair_s0_d56_b32768_r2000_w2_c0 bandwidth bytes=32768 reps=2000 window=2 cluster=0 time=1791286870
RMA_CASE 269 raw bandwidth_pair_s0_d1_b16384_r2000_w1_c0 bandwidth bytes=16384 reps=2000 window=1 cluster=0 time=1791286870
RMA_CASE 270 raw bandwidth_pair_s9_d18_b8_r2000_w1_c0 bandwidth bytes=8 reps=2000 window=1 cluster=0 time=1791286870
RMA_CASE 271 raw bandwidth_pair_s0_d56_b1024_r2000_w8_c0 bandwidth bytes=1024 reps=2000 window=8 cluster=0 time=1791286870
RMA_CASE 272 raw bandwidth_pair_s8_d16_b8_r2000_w8_c0 bandwidth bytes=8 reps=2000 window=8 cluster=0 time=1791286870
RMA_CASE 273 raw contention_incast3_s0_d0_b1024_r2000_w4_c5 contention bytes=1024 reps=2000 window=4 cluster=5 time=1791286870
RMA_CASE 274 raw bandwidth_pair_s0_d9_b1024_r2000_w1_c0 bandwidth bytes=1024 reps=2000 window=1 cluster=0 time=1791286870
RMA_CASE 275 raw bandwidth_pair_s0_d7_b32_r2000_w16_c0 bandwidth bytes=32 reps=2000 window=16 cluster=0 time=1791286870
RMA_CASE 276 raw bandwidth_pair_s0_d8_b16384_r2000_w4_c0 bandwidth bytes=16384 reps=2000 window=4 cluster=0 time=1791286870
RMA_CASE 277 raw bandwidth_pair_s9_d18_b16384_r2000_w2_c0 bandwidth bytes=16384 reps=2000 window=2 cluster=0 time=1791286870
RMA_CASE 278 raw bandwidth_pair_s1_d2_b8_r2000_w2_c0 bandwidth bytes=8 reps=2000 window=2 cluster=0 time=1791286870
RMA_CASE 279 raw bandwidth_pair_s0_d56_b16_r2000_w4_c0 bandwidth bytes=16 reps=2000 window=4 cluster=0 time=1791286870
RMA_CASE 280 raw bandwidth_pair_s0_d1_b256_r2000_w8_c0 bandwidth bytes=256 reps=2000 window=8 cluster=0 time=1791286870
RMA_CASE 281 raw bandwidth_pair_s8_d16_b128_r2000_w2_c0 bandwidth bytes=128 reps=2000 window=2 cluster=0 time=1791286870
RMA_CASE 282 raw bandwidth_pair_s0_d63_b16_r2000_w8_c0 bandwidth bytes=16 reps=2000 window=8 cluster=0 time=1791286870
RMA_CASE 283 raw bandwidth_pair_s0_d56_b32_r2000_w16_c0 bandwidth bytes=32 reps=2000 window=16 cluster=0 time=1791286870
RMA_CASE 284 raw bandwidth_pair_s0_d1_b32_r2000_w16_c0 bandwidth bytes=32 reps=2000 window=16 cluster=0 time=1791286870
RMA_CASE 285 raw bandwidth_pair_s0_d63_b256_r2000_w8_c0 bandwidth bytes=256 reps=2000 window=8 cluster=0 time=1791286870
RMA_CASE 286 raw bandwidth_pair_s0_d56_b128_r2000_w2_c0 bandwidth bytes=128 reps=2000 window=2 cluster=0 time=1791286870
RMA_CASE 287 raw bandwidth_pair_s8_d16_b1024_r2000_w8_c0 bandwidth bytes=1024 reps=2000 window=8 cluster=0 time=1791286870
RMA_CASE 288 raw bandwidth_pair_s0_d7_b32768_r2000_w2_c0 bandwidth bytes=32768 reps=2000 window=2 cluster=0 time=1791286870
RMA_CASE 289 raw bandwidth_pair_s0_d7_b16_r2000_w8_c0 bandwidth bytes=16 reps=2000 window=8 cluster=0 time=1791286870
RMA_CASE 290 raw contention_intra2_s0_d0_b64_r2000_w1_c15 contention bytes=64 reps=2000 window=1 cluster=15 time=1791286870
RMA_CASE 291 raw bandwidth_pair_s1_d2_b4096_r2000_w1_c0 bandwidth bytes=4096 reps=2000 window=1 cluster=0 time=1791286870
RMA_CASE 292 raw bandwidth_pair_s0_d63_b4096_r2000_w16_c0 bandwidth bytes=4096 reps=2000 window=16 cluster=0 time=1791286870
RMA_CASE 293 raw bandwidth_pair_s1_d2_b8_r2000_w1_c0 bandwidth bytes=8 reps=2000 window=1 cluster=0 time=1791286870
RMA_CASE 294 raw bandwidth_pair_s0_d9_b256_r2000_w2_c0 bandwidth bytes=256 reps=2000 window=2 cluster=0 time=1791286870
RMA_CASE 295 raw bandwidth_pair_s0_d9_b16_r2000_w8_c0 bandwidth bytes=16 reps=2000 window=8 cluster=0 time=1791286870
RMA_CASE 296 raw bandwidth_pair_s0_d56_b32_r2000_w4_c0 bandwidth bytes=32 reps=2000 window=4 cluster=0 time=1791286870
RMA_CASE 297 raw bandwidth_pair_s0_d1_b16_r2000_w2_c0 bandwidth bytes=16 reps=2000 window=2 cluster=0 time=1791286870
RMA_CASE 298 raw contention_alltoall4_s0_d0_b1024_r2000_w4_c15 contention bytes=1024 reps=2000 window=4 cluster=15 time=1791286870
RMA_CASE 299 raw bandwidth_pair_s0_d8_b4096_r2000_w16_c0 bandwidth bytes=4096 reps=2000 window=16 cluster=0 time=1791286870
RMA_CASE 300 raw contention_split_side2_s0_d0_b64_r2000_w1_c5 contention bytes=64 reps=2000 window=1 cluster=5 time=1791286870
RMA_CASE 301 raw bandwidth_pair_s8_d16_b128_r2000_w8_c0 bandwidth bytes=128 reps=2000 window=8 cluster=0 time=1791286870
RMA_CASE 302 raw bandwidth_pair_s0_d8_b128_r2000_w2_c0 bandwidth bytes=128 reps=2000 window=2 cluster=0 time=1791286870
RMA_CASE 303 raw bandwidth_pair_s0_d8_b256_r2000_w4_c0 bandwidth bytes=256 reps=2000 window=4 cluster=0 time=1791286870
RMA_CASE 304 raw bandwidth_pair_s0_d1_b32_r2000_w1_c0 bandwidth bytes=32 reps=2000 window=1 cluster=0 time=1791286870
RMA_CASE 305 raw contention_ring4_s0_d0_b1024_r2000_w1_c5 contention bytes=1024 reps=2000 window=1 cluster=5 time=1791286870
RMA_CASE 306 raw contention_intra2_s0_d0_b64_r2000_w1_c10 contention bytes=64 reps=2000 window=1 cluster=10 time=1791286870
RMA_CASE 307 raw bandwidth_pair_s0_d9_b32_r2000_w4_c0 bandwidth bytes=32 reps=2000 window=4 cluster=0 time=1791286870
RMA_CASE 308 raw bandwidth_pair_s0_d8_b256_r2000_w16_c0 bandwidth bytes=256 reps=2000 window=16 cluster=0 time=1791286870
RMA_CASE 309 raw bandwidth_pair_s0_d63_b256_r2000_w16_c0 bandwidth bytes=256 reps=2000 window=16 cluster=0 time=1791286870
RMA_CASE 310 raw bandwidth_pair_s0_d9_b32_r2000_w1_c0 bandwidth bytes=32 reps=2000 window=1 cluster=0 time=1791286870
RMA_CASE 311 raw bandwidth_pair_s0_d7_b4096_r2000_w8_c0 bandwidth bytes=4096 reps=2000 window=8 cluster=0 time=1791286870
RMA_CASE 312 raw bandwidth_pair_s1_d2_b1024_r2000_w2_c0 bandwidth bytes=1024 reps=2000 window=2 cluster=0 time=1791286870
RMA_CASE 313 raw bandwidth_pair_s9_d18_b16_r2000_w2_c0 bandwidth bytes=16 reps=2000 window=2 cluster=0 time=1791286870
RMA_CASE 314 raw bandwidth_pair_s8_d16_b32_r2000_w8_c0 bandwidth bytes=32 reps=2000 window=8 cluster=0 time=1791286870
RMA_CASE 315 raw bandwidth_pair_s0_d8_b32_r2000_w4_c0 bandwidth bytes=32 reps=2000 window=4 cluster=0 time=1791286870
RMA_CASE 316 raw contention_split_side2_s0_d0_b1024_r2000_w4_c0 contention bytes=1024 reps=2000 window=4 cluster=0 time=1791286870
RMA_CASE 317 raw bandwidth_pair_s8_d16_b16384_r2000_w2_c0 bandwidth bytes=16384 reps=2000 window=2 cluster=0 time=1791286870
RMA_CASE 318 raw bandwidth_pair_s9_d18_b8_r2000_w16_c0 bandwidth bytes=8 reps=2000 window=16 cluster=0 time=1791286870
RMA_CASE 319 raw contention_split_near2_s0_d0_b1024_r2000_w1_c15 contention bytes=1024 reps=2000 window=1 cluster=15 time=1791286870
RMA_CASE 320 raw bandwidth_pair_s0_d63_b32_r2000_w2_c0 bandwidth bytes=32 reps=2000 window=2 cluster=0 time=1791286870
RMA_CASE 321 raw bandwidth_pair_s8_d16_b4096_r2000_w1_c0 bandwidth bytes=4096 reps=2000 window=1 cluster=0 time=1791286870
RMA_CASE 322 raw contention_incast3_s0_d0_b64_r2000_w1_c0 contention bytes=64 reps=2000 window=1 cluster=0 time=1791286870
RMA_CASE 323 raw contention_single_s0_d0_b64_r2000_w4_c0 contention bytes=64 reps=2000 window=4 cluster=0 time=1791286870
RMA_CASE 324 raw contention_split_far2_s0_d0_b1024_r2000_w1_c5 contention bytes=1024 reps=2000 window=1 cluster=5 time=1791286870
RMA_CASE 325 raw bandwidth_pair_s0_d63_b32_r2000_w16_c0 bandwidth bytes=32 reps=2000 window=16 cluster=0 time=1791286870
RMA_CASE 326 raw contention_intra2_s0_d0_b1024_r2000_w4_c0 contention bytes=1024 reps=2000 window=4 cluster=0 time=1791286870
RMA_CASE 327 raw contention_incast3_s0_d0_b64_r2000_w4_c0 contention bytes=64 reps=2000 window=4 cluster=0 time=1791286870
RMA_CASE 328 raw bandwidth_pair_s0_d56_b64_r2000_w8_c0 bandwidth bytes=64 reps=2000 window=8 cluster=0 time=1791286870
RMA_CASE 329 raw bandwidth_pair_s0_d8_b64_r2000_w1_c0 bandwidth bytes=64 reps=2000 window=1 cluster=0 time=1791286870
RMA_CASE 330 raw bandwidth_pair_s0_d9_b16_r2000_w16_c0 bandwidth bytes=16 reps=2000 window=16 cluster=0 time=1791286870
RMA_CASE 331 raw contention_incast3_s0_d0_b1024_r2000_w1_c0 contention bytes=1024 reps=2000 window=1 cluster=0 time=1791286870
RMA_CASE 332 raw bandwidth_pair_s0_d8_b8_r2000_w2_c0 bandwidth bytes=8 reps=2000 window=2 cluster=0 time=1791286870
RMA_CASE 333 raw bandwidth_pair_s0_d7_b64_r2000_w4_c0 bandwidth bytes=64 reps=2000 window=4 cluster=0 time=1791286870
RMA_CASE 334 raw bandwidth_pair_s9_d18_b64_r2000_w8_c0 bandwidth bytes=64 reps=2000 window=8 cluster=0 time=1791286870
RMA_CASE 335 raw bandwidth_pair_s1_d2_b16384_r2000_w4_c0 bandwidth bytes=16384 reps=2000 window=4 cluster=0 time=1791286871
RMA_CASE 336 raw bandwidth_pair_s0_d1_b32_r2000_w8_c0 bandwidth bytes=32 reps=2000 window=8 cluster=0 time=1791286871
RMA_CASE 337 raw bandwidth_pair_s1_d2_b1024_r2000_w1_c0 bandwidth bytes=1024 reps=2000 window=1 cluster=0 time=1791286871
RMA_CASE 338 raw contention_ring4_s0_d0_b1024_r2000_w4_c10 contention bytes=1024 reps=2000 window=4 cluster=10 time=1791286871
RMA_CASE 339 raw bandwidth_pair_s0_d9_b4096_r2000_w2_c0 bandwidth bytes=4096 reps=2000 window=2 cluster=0 time=1791286871
RMA_CASE 340 raw bandwidth_pair_s0_d8_b8_r2000_w16_c0 bandwidth bytes=8 reps=2000 window=16 cluster=0 time=1791286871
RMA_CASE 341 raw contention_intra2_s0_d0_b64_r2000_w4_c0 contention bytes=64 reps=2000 window=4 cluster=0 time=1791286871
RMA_CASE 342 raw contention_split_near2_s0_d0_b1024_r2000_w4_c10 contention bytes=1024 reps=2000 window=4 cluster=10 time=1791286871
RMA_CASE 343 raw bandwidth_pair_s9_d18_b256_r2000_w2_c0 bandwidth bytes=256 reps=2000 window=2 cluster=0 time=1791286871
RMA_CASE 344 raw contention_ring4_s0_d0_b64_r2000_w1_c10 contention bytes=64 reps=2000 window=1 cluster=10 time=1791286871
RMA_CASE 345 raw bandwidth_pair_s0_d8_b16_r2000_w8_c0 bandwidth bytes=16 reps=2000 window=8 cluster=0 time=1791286871
RMA_CASE 346 raw contention_split_near2_s0_d0_b64_r2000_w1_c5 contention bytes=64 reps=2000 window=1 cluster=5 time=1791286871
RMA_CASE 347 raw bandwidth_pair_s1_d2_b32_r2000_w16_c0 bandwidth bytes=32 reps=2000 window=16 cluster=0 time=1791286871
RMA_CASE 348 raw bandwidth_pair_s1_d2_b256_r2000_w1_c0 bandwidth bytes=256 reps=2000 window=1 cluster=0 time=1791286871
RMA_CASE 349 raw bandwidth_pair_s0_d8_b32_r2000_w8_c0 bandwidth bytes=32 reps=2000 window=8 cluster=0 time=1791286871
RMA_CASE 350 raw bandwidth_pair_s0_d1_b1024_r2000_w2_c0 bandwidth bytes=1024 reps=2000 window=2 cluster=0 time=1791286871
RMA_CASE 351 raw bandwidth_pair_s9_d18_b64_r2000_w1_c0 bandwidth bytes=64 reps=2000 window=1 cluster=0 time=1791286871
RMA_CASE 352 raw bandwidth_pair_s0_d1_b4096_r2000_w4_c0 bandwidth bytes=4096 reps=2000 window=4 cluster=0 time=1791286871
RMA_CASE 353 raw contention_split_side2_s0_d0_b1024_r2000_w4_c10 contention bytes=1024 reps=2000 window=4 cluster=10 time=1791286871
RMA_CASE 354 raw bandwidth_pair_s0_d56_b8_r2000_w8_c0 bandwidth bytes=8 reps=2000 window=8 cluster=0 time=1791286871
RMA_CASE 355 raw contention_alltoall4_s0_d0_b1024_r2000_w1_c10 contention bytes=1024 reps=2000 window=1 cluster=10 time=1791286871
RMA_CASE 356 raw bandwidth_pair_s0_d56_b256_r2000_w2_c0 bandwidth bytes=256 reps=2000 window=2 cluster=0 time=1791286871
RMA_CASE 357 raw contention_ring4_s0_d0_b64_r2000_w1_c5 contention bytes=64 reps=2000 window=1 cluster=5 time=1791286871
RMA_CASE 358 raw contention_split_near2_s0_d0_b64_r2000_w1_c15 contention bytes=64 reps=2000 window=1 cluster=15 time=1791286871
RMA_CASE 359 raw bandwidth_pair_s8_d16_b8_r2000_w4_c0 bandwidth bytes=8 reps=2000 window=4 cluster=0 time=1791286871
RMA_CASE 360 raw contention_split_near2_s0_d0_b1024_r2000_w4_c15 contention bytes=1024 reps=2000 window=4 cluster=15 time=1791286871
RMA_CASE 361 raw bandwidth_pair_s0_d63_b32768_r2000_w1_c0 bandwidth bytes=32768 reps=2000 window=1 cluster=0 time=1791286871
RMA_CASE 362 raw bandwidth_pair_s8_d16_b1024_r2000_w2_c0 bandwidth bytes=1024 reps=2000 window=2 cluster=0 time=1791286871
RMA_CASE 363 raw bandwidth_pair_s8_d16_b64_r2000_w4_c0 bandwidth bytes=64 reps=2000 window=4 cluster=0 time=1791286871
RMA_CASE 364 raw contention_ring4_s0_d0_b1024_r2000_w1_c0 contention bytes=1024 reps=2000 window=1 cluster=0 time=1791286871
RMA_CASE 365 raw bandwidth_pair_s0_d8_b64_r2000_w2_c0 bandwidth bytes=64 reps=2000 window=2 cluster=0 time=1791286871
RMA_CASE 366 raw contention_incast3_s0_d0_b1024_r2000_w1_c10 contention bytes=1024 reps=2000 window=1 cluster=10 time=1791286871
RMA_CASE 367 raw bandwidth_pair_s0_d7_b256_r2000_w16_c0 bandwidth bytes=256 reps=2000 window=16 cluster=0 time=1791286871
RMA_CASE 368 raw contention_split_near2_s0_d0_b64_r2000_w4_c10 contention bytes=64 reps=2000 window=4 cluster=10 time=1791286871
RMA_CASE 369 raw bandwidth_pair_s8_d16_b16_r2000_w16_c0 bandwidth bytes=16 reps=2000 window=16 cluster=0 time=1791286871
RMA_CASE 370 raw bandwidth_pair_s0_d56_b4096_r2000_w1_c0 bandwidth bytes=4096 reps=2000 window=1 cluster=0 time=1791286871
RMA_CASE 371 raw contention_split_far2_s0_d0_b64_r2000_w4_c10 contention bytes=64 reps=2000 window=4 cluster=10 time=1791286871
RMA_CASE 372 raw bandwidth_pair_s1_d2_b16384_r2000_w2_c0 bandwidth bytes=16384 reps=2000 window=2 cluster=0 time=1791286871
RMA_CASE 373 raw bandwidth_pair_s0_d9_b128_r2000_w1_c0 bandwidth bytes=128 reps=2000 window=1 cluster=0 time=1791286871
RMA_CASE 374 raw contention_ring4_s0_d0_b64_r2000_w4_c10 contention bytes=64 reps=2000 window=4 cluster=10 time=1791286871
RMA_CASE 375 raw bandwidth_pair_s8_d16_b256_r2000_w1_c0 bandwidth bytes=256 reps=2000 window=1 cluster=0 time=1791286871
RMA_CASE 376 raw bandwidth_pair_s0_d56_b1024_r2000_w2_c0 bandwidth bytes=1024 reps=2000 window=2 cluster=0 time=1791286871
RMA_CASE 377 raw bandwidth_pair_s9_d18_b16_r2000_w4_c0 bandwidth bytes=16 reps=2000 window=4 cluster=0 time=1791286871
RMA_CASE 378 raw bandwidth_pair_s8_d16_b32_r2000_w4_c0 bandwidth bytes=32 reps=2000 window=4 cluster=0 time=1791286871
RMA_CASE 379 raw bandwidth_pair_s1_d2_b16_r2000_w8_c0 bandwidth bytes=16 reps=2000 window=8 cluster=0 time=1791286871
RMA_CASE 380 raw bandwidth_pair_s8_d16_b4096_r2000_w4_c0 bandwidth bytes=4096 reps=2000 window=4 cluster=0 time=1791286871
RMA_CASE 381 raw bandwidth_pair_s0_d1_b65536_r2000_w1_c0 bandwidth bytes=65536 reps=2000 window=1 cluster=0 time=1791286871
RMA_CASE 382 raw contention_single_s0_d0_b1024_r2000_w4_c15 contention bytes=1024 reps=2000 window=4 cluster=15 time=1791286871
RMA_CASE 383 raw contention_split_side2_s0_d0_b1024_r2000_w1_c5 contention bytes=1024 reps=2000 window=1 cluster=5 time=1791286871
RMA_CASE 384 raw bandwidth_pair_s0_d9_b16384_r2000_w2_c0 bandwidth bytes=16384 reps=2000 window=2 cluster=0 time=1791286871
RMA_CASE 385 raw bandwidth_pair_s0_d56_b128_r2000_w8_c0 bandwidth bytes=128 reps=2000 window=8 cluster=0 time=1791286871
RMA_CASE 386 raw bandwidth_pair_s0_d63_b128_r2000_w1_c0 bandwidth bytes=128 reps=2000 window=1 cluster=0 time=1791286871
RMA_CASE 387 raw bandwidth_pair_s0_d8_b8_r2000_w8_c0 bandwidth bytes=8 reps=2000 window=8 cluster=0 time=1791286871
RMA_CASE 388 raw contention_incast3_s0_d0_b64_r2000_w4_c5 contention bytes=64 reps=2000 window=4 cluster=5 time=1791286871
RMA_CASE 389 raw bandwidth_pair_s1_d2_b32768_r2000_w1_c0 bandwidth bytes=32768 reps=2000 window=1 cluster=0 time=1791286871
RMA_CASE 390 raw bandwidth_pair_s0_d8_b64_r2000_w16_c0 bandwidth bytes=64 reps=2000 window=16 cluster=0 time=1791286871
RMA_CASE 391 raw contention_split_side2_s0_d0_b64_r2000_w1_c15 contention bytes=64 reps=2000 window=1 cluster=15 time=1791286871
RMA_CASE 392 raw bandwidth_pair_s0_d56_b1024_r2000_w4_c0 bandwidth bytes=1024 reps=2000 window=4 cluster=0 time=1791286871
RMA_CASE 393 raw contention_ring4_s0_d0_b64_r2000_w4_c0 contention bytes=64 reps=2000 window=4 cluster=0 time=1791286871
RMA_CASE 394 raw bandwidth_pair_s8_d16_b16_r2000_w4_c0 bandwidth bytes=16 reps=2000 window=4 cluster=0 time=1791286871
RMA_CASE 395 raw bandwidth_pair_s9_d18_b4096_r2000_w8_c0 bandwidth bytes=4096 reps=2000 window=8 cluster=0 time=1791286871
RMA_CASE 396 raw bandwidth_pair_s0_d56_b32_r2000_w8_c0 bandwidth bytes=32 reps=2000 window=8 cluster=0 time=1791286871
RMA_CASE 397 raw bandwidth_pair_s0_d8_b1024_r2000_w1_c0 bandwidth bytes=1024 reps=2000 window=1 cluster=0 time=1791286871
RMA_CASE 398 raw contention_alltoall4_s0_d0_b64_r2000_w4_c15 contention bytes=64 reps=2000 window=4 cluster=15 time=1791286871
RMA_CASE 399 raw bandwidth_pair_s0_d9_b32768_r2000_w1_c0 bandwidth bytes=32768 reps=2000 window=1 cluster=0 time=1791286871
RMA_CASE 400 raw bandwidth_pair_s0_d7_b32_r2000_w2_c0 bandwidth bytes=32 reps=2000 window=2 cluster=0 time=1791286871
RMA_CASE 401 raw bandwidth_pair_s0_d8_b1024_r2000_w16_c0 bandwidth bytes=1024 reps=2000 window=16 cluster=0 time=1791286871
RMA_CASE 402 raw bandwidth_pair_s0_d9_b4096_r2000_w8_c0 bandwidth bytes=4096 reps=2000 window=8 cluster=0 time=1791286871
RMA_CASE 403 raw bandwidth_pair_s0_d7_b128_r2000_w8_c0 bandwidth bytes=128 reps=2000 window=8 cluster=0 time=1791286871
RMA_CASE 404 raw bandwidth_pair_s0_d63_b16_r2000_w2_c0 bandwidth bytes=16 reps=2000 window=2 cluster=0 time=1791286871
RMA_CASE 405 raw bandwidth_pair_s0_d8_b4096_r2000_w1_c0 bandwidth bytes=4096 reps=2000 window=1 cluster=0 time=1791286871
RMA_CASE 406 raw bandwidth_pair_s0_d9_b16384_r2000_w4_c0 bandwidth bytes=16384 reps=2000 window=4 cluster=0 time=1791286871
RMA_CASE 407 raw bandwidth_pair_s0_d9_b64_r2000_w16_c0 bandwidth bytes=64 reps=2000 window=16 cluster=0 time=1791286871
RMA_CASE 408 raw contention_alltoall4_s0_d0_b1024_r2000_w1_c5 contention bytes=1024 reps=2000 window=1 cluster=5 time=1791286871
RMA_CASE 409 raw bandwidth_pair_s9_d18_b16_r2000_w8_c0 bandwidth bytes=16 reps=2000 window=8 cluster=0 time=1791286871
RMA_CASE 410 raw bandwidth_pair_s0_d1_b4096_r2000_w1_c0 bandwidth bytes=4096 reps=2000 window=1 cluster=0 time=1791286871
RMA_CASE 411 raw bandwidth_pair_s0_d56_b256_r2000_w16_c0 bandwidth bytes=256 reps=2000 window=16 cluster=0 time=1791286871
RMA_CASE 412 raw bandwidth_pair_s1_d2_b128_r2000_w1_c0 bandwidth bytes=128 reps=2000 window=1 cluster=0 time=1791286871
RMA_CASE 413 raw bandwidth_pair_s1_d2_b64_r2000_w1_c0 bandwidth bytes=64 reps=2000 window=1 cluster=0 time=1791286871
RMA_CASE 414 raw bandwidth_pair_s0_d63_b8_r2000_w16_c0 bandwidth bytes=8 reps=2000 window=16 cluster=0 time=1791286871
RMA_CASE 415 raw bandwidth_pair_s8_d16_b256_r2000_w8_c0 bandwidth bytes=256 reps=2000 window=8 cluster=0 time=1791286871
RMA_CASE 416 raw bandwidth_pair_s9_d18_b128_r2000_w1_c0 bandwidth bytes=128 reps=2000 window=1 cluster=0 time=1791286871
RMA_CASE 417 raw bandwidth_pair_s0_d9_b64_r2000_w4_c0 bandwidth bytes=64 reps=2000 window=4 cluster=0 time=1791286871
RMA_CASE 418 raw bandwidth_pair_s1_d2_b32_r2000_w1_c0 bandwidth bytes=32 reps=2000 window=1 cluster=0 time=1791286871
RMA_CASE 419 raw bandwidth_pair_s0_d8_b1024_r2000_w2_c0 bandwidth bytes=1024 reps=2000 window=2 cluster=0 time=1791286871
RMA_CASE 420 raw bandwidth_pair_s0_d1_b256_r2000_w16_c0 bandwidth bytes=256 reps=2000 window=16 cluster=0 time=1791286871
RMA_CASE 421 raw bandwidth_pair_s0_d56_b256_r2000_w8_c0 bandwidth bytes=256 reps=2000 window=8 cluster=0 time=1791286871
RMA_CASE 422 raw bandwidth_pair_s0_d9_b16384_r2000_w1_c0 bandwidth bytes=16384 reps=2000 window=1 cluster=0 time=1791286871
RMA_CASE 423 raw bandwidth_pair_s0_d9_b1024_r2000_w4_c0 bandwidth bytes=1024 reps=2000 window=4 cluster=0 time=1791286871
RMA_CASE 424 raw contention_split_near2_s0_d0_b64_r2000_w1_c0 contention bytes=64 reps=2000 window=1 cluster=0 time=1791286871
RMA_CASE 425 raw bandwidth_pair_s0_d9_b1024_r2000_w8_c0 bandwidth bytes=1024 reps=2000 window=8 cluster=0 time=1791286871
RMA_CASE 426 raw bandwidth_pair_s8_d16_b16_r2000_w1_c0 bandwidth bytes=16 reps=2000 window=1 cluster=0 time=1791286871
RMA_CASE 427 raw bandwidth_pair_s1_d2_b32_r2000_w2_c0 bandwidth bytes=32 reps=2000 window=2 cluster=0 time=1791286871
RMA_CASE 428 raw bandwidth_pair_s0_d1_b8_r2000_w8_c0 bandwidth bytes=8 reps=2000 window=8 cluster=0 time=1791286871
RMA_CASE 429 raw contention_split_far2_s0_d0_b64_r2000_w1_c15 contention bytes=64 reps=2000 window=1 cluster=15 time=1791286871
RMA_CASE 430 raw bandwidth_pair_s0_d8_b4096_r2000_w2_c0 bandwidth bytes=4096 reps=2000 window=2 cluster=0 time=1791286871
RMA_CASE 431 raw contention_alltoall4_s0_d0_b1024_r2000_w4_c10 contention bytes=1024 reps=2000 window=4 cluster=10 time=1791286871
RMA_CASE 432 raw bandwidth_pair_s0_d63_b128_r2000_w4_c0 bandwidth bytes=128 reps=2000 window=4 cluster=0 time=1791286871
RMA_CASE 433 raw contention_intra2_s0_d0_b64_r2000_w1_c5 contention bytes=64 reps=2000 window=1 cluster=5 time=1791286871
RMA_CASE 434 raw contention_alltoall4_s0_d0_b1024_r2000_w1_c0 contention bytes=1024 reps=2000 window=1 cluster=0 time=1791286871
RMA_CASE 435 raw bandwidth_pair_s0_d1_b32_r2000_w4_c0 bandwidth bytes=32 reps=2000 window=4 cluster=0 time=1791286871
RMA_CASE 436 raw bandwidth_pair_s8_d16_b64_r2000_w2_c0 bandwidth bytes=64 reps=2000 window=2 cluster=0 time=1791286871
RMA_CASE 437 raw bandwidth_pair_s9_d18_b64_r2000_w16_c0 bandwidth bytes=64 reps=2000 window=16 cluster=0 time=1791286871
RMA_CASE 438 raw contention_split_near2_s0_d0_b64_r2000_w4_c15 contention bytes=64 reps=2000 window=4 cluster=15 time=1791286871
RMA_CASE 439 raw bandwidth_pair_s0_d56_b8_r2000_w4_c0 bandwidth bytes=8 reps=2000 window=4 cluster=0 time=1791286871
RMA_CASE 440 raw bandwidth_pair_s9_d18_b1024_r2000_w4_c0 bandwidth bytes=1024 reps=2000 window=4 cluster=0 time=1791286871
RMA_CASE 441 raw bandwidth_pair_s0_d7_b32_r2000_w8_c0 bandwidth bytes=32 reps=2000 window=8 cluster=0 time=1791286871
RMA_CASE 442 raw bandwidth_pair_s9_d18_b128_r2000_w4_c0 bandwidth bytes=128 reps=2000 window=4 cluster=0 time=1791286871
RMA_CASE 443 raw bandwidth_pair_s8_d16_b256_r2000_w4_c0 bandwidth bytes=256 reps=2000 window=4 cluster=0 time=1791286871
RMA_CASE 444 raw bandwidth_pair_s0_d56_b16384_r2000_w2_c0 bandwidth bytes=16384 reps=2000 window=2 cluster=0 time=1791286871
RMA_CASE 445 raw bandwidth_pair_s0_d63_b16_r2000_w16_c0 bandwidth bytes=16 reps=2000 window=16 cluster=0 time=1791286871
RMA_CASE 446 raw bandwidth_pair_s8_d16_b32_r2000_w2_c0 bandwidth bytes=32 reps=2000 window=2 cluster=0 time=1791286871
RMA_CASE 447 raw bandwidth_pair_s0_d8_b128_r2000_w1_c0 bandwidth bytes=128 reps=2000 window=1 cluster=0 time=1791286871
RMA_CASE 448 raw bandwidth_pair_s0_d9_b4096_r2000_w16_c0 bandwidth bytes=4096 reps=2000 window=16 cluster=0 time=1791286871
RMA_CASE 449 raw bandwidth_pair_s1_d2_b1024_r2000_w16_c0 bandwidth bytes=1024 reps=2000 window=16 cluster=0 time=1791286871
RMA_CASE 450 raw bandwidth_pair_s0_d56_b64_r2000_w2_c0 bandwidth bytes=64 reps=2000 window=2 cluster=0 time=1791286871
RMA_CASE 451 raw bandwidth_pair_s1_d2_b16_r2000_w2_c0 bandwidth bytes=16 reps=2000 window=2 cluster=0 time=1791286871
RMA_CASE 452 raw bandwidth_pair_s0_d63_b16384_r2000_w4_c0 bandwidth bytes=16384 reps=2000 window=4 cluster=0 time=1791286871
RMA_CASE 453 raw contention_ring4_s0_d0_b64_r2000_w1_c0 contention bytes=64 reps=2000 window=1 cluster=0 time=1791286871
RMA_CASE 454 raw bandwidth_pair_s0_d7_b8_r2000_w1_c0 bandwidth bytes=8 reps=2000 window=1 cluster=0 time=1791286871
RMA_CASE 455 raw bandwidth_pair_s1_d2_b32_r2000_w8_c0 bandwidth bytes=32 reps=2000 window=8 cluster=0 time=1791286871
RMA_CASE 456 raw bandwidth_pair_s0_d63_b32_r2000_w1_c0 bandwidth bytes=32 reps=2000 window=1 cluster=0 time=1791286871
RMA_CASE 457 raw bandwidth_pair_s0_d56_b16_r2000_w8_c0 bandwidth bytes=16 reps=2000 window=8 cluster=0 time=1791286871
RMA_CASE 458 raw contention_split_side2_s0_d0_b64_r2000_w4_c5 contention bytes=64 reps=2000 window=4 cluster=5 time=1791286871
RMA_CASE 459 raw contention_split_far2_s0_d0_b64_r2000_w1_c5 contention bytes=64 reps=2000 window=1 cluster=5 time=1791286871
RMA_CASE 460 raw bandwidth_pair_s0_d56_b4096_r2000_w2_c0 bandwidth bytes=4096 reps=2000 window=2 cluster=0 time=1791286871
RMA_CASE 461 raw contention_split_near2_s0_d0_b64_r2000_w4_c5 contention bytes=64 reps=2000 window=4 cluster=5 time=1791286871
RMA_CASE 462 raw bandwidth_pair_s9_d18_b256_r2000_w1_c0 bandwidth bytes=256 reps=2000 window=1 cluster=0 time=1791286871
RMA_CASE 463 raw bandwidth_pair_s9_d18_b256_r2000_w16_c0 bandwidth bytes=256 reps=2000 window=16 cluster=0 time=1791286871
RMA_CASE 464 raw bandwidth_pair_s0_d1_b16384_r2000_w2_c0 bandwidth bytes=16384 reps=2000 window=2 cluster=0 time=1791286871
RMA_CASE 465 raw bandwidth_pair_s0_d1_b16_r2000_w1_c0 bandwidth bytes=16 reps=2000 window=1 cluster=0 time=1791286871
RMA_CASE 466 raw bandwidth_pair_s0_d9_b128_r2000_w8_c0 bandwidth bytes=128 reps=2000 window=8 cluster=0 time=1791286871
RMA_CASE 467 raw bandwidth_pair_s9_d18_b32_r2000_w2_c0 bandwidth bytes=32 reps=2000 window=2 cluster=0 time=1791286871
RMA_CASE 468 raw bandwidth_pair_s0_d9_b256_r2000_w4_c0 bandwidth bytes=256 reps=2000 window=4 cluster=0 time=1791286871
RMA_CASE 469 raw bandwidth_pair_s0_d7_b16_r2000_w4_c0 bandwidth bytes=16 reps=2000 window=4 cluster=0 time=1791286871
RMA_CASE 470 raw contention_alltoall4_s0_d0_b1024_r2000_w4_c0 contention bytes=1024 reps=2000 window=4 cluster=0 time=1791286871
RMA_CASE 471 raw bandwidth_pair_s0_d1_b1024_r2000_w16_c0 bandwidth bytes=1024 reps=2000 window=16 cluster=0 time=1791286871
RMA_CASE 472 raw bandwidth_pair_s8_d16_b16_r2000_w2_c0 bandwidth bytes=16 reps=2000 window=2 cluster=0 time=1791286871
RMA_CASE 473 raw bandwidth_pair_s8_d16_b8_r2000_w1_c0 bandwidth bytes=8 reps=2000 window=1 cluster=0 time=1791286871
RMA_CASE 474 raw bandwidth_pair_s9_d18_b8_r2000_w2_c0 bandwidth bytes=8 reps=2000 window=2 cluster=0 time=1791286871
RMA_CASE 475 raw bandwidth_pair_s8_d16_b8_r2000_w16_c0 bandwidth bytes=8 reps=2000 window=16 cluster=0 time=1791286871
RMA_CASE 476 raw bandwidth_pair_s8_d16_b64_r2000_w8_c0 bandwidth bytes=64 reps=2000 window=8 cluster=0 time=1791286871
RMA_CASE 477 raw bandwidth_pair_s0_d56_b128_r2000_w4_c0 bandwidth bytes=128 reps=2000 window=4 cluster=0 time=1791286871
RMA_CASE 478 raw contention_alltoall4_s0_d0_b64_r2000_w4_c5 contention bytes=64 reps=2000 window=4 cluster=5 time=1791286871
RMA_CASE 479 raw bandwidth_pair_s0_d56_b16384_r2000_w4_c0 bandwidth bytes=16384 reps=2000 window=4 cluster=0 time=1791286871
RMA_CASE 480 raw bandwidth_pair_s9_d18_b1024_r2000_w1_c0 bandwidth bytes=1024 reps=2000 window=1 cluster=0 time=1791286871
RMA_CASE 481 raw bandwidth_pair_s0_d56_b65536_r2000_w1_c0 bandwidth bytes=65536 reps=2000 window=1 cluster=0 time=1791286872
RMA_CASE 482 raw contention_intra2_s0_d0_b64_r2000_w1_c0 contention bytes=64 reps=2000 window=1 cluster=0 time=1791286872
RMA_CASE 483 raw bandwidth_pair_s0_d8_b64_r2000_w4_c0 bandwidth bytes=64 reps=2000 window=4 cluster=0 time=1791286872
RMA_CASE 484 raw bandwidth_pair_s0_d8_b16384_r2000_w2_c0 bandwidth bytes=16384 reps=2000 window=2 cluster=0 time=1791286872
RMA_CASE 485 raw contention_split_far2_s0_d0_b64_r2000_w4_c5 contention bytes=64 reps=2000 window=4 cluster=5 time=1791286872
RMA_CASE 486 raw contention_incast3_s0_d0_b1024_r2000_w4_c0 contention bytes=1024 reps=2000 window=4 cluster=0 time=1791286872
RMA_CASE 487 raw bandwidth_pair_s0_d9_b4096_r2000_w4_c0 bandwidth bytes=4096 reps=2000 window=4 cluster=0 time=1791286872
RMA_CASE 488 raw bandwidth_pair_s1_d2_b256_r2000_w8_c0 bandwidth bytes=256 reps=2000 window=8 cluster=0 time=1791286872
RMA_CASE 489 raw contention_ring4_s0_d0_b64_r2000_w4_c15 contention bytes=64 reps=2000 window=4 cluster=15 time=1791286872
RMA_CASE 490 raw contention_split_far2_s0_d0_b64_r2000_w1_c0 contention bytes=64 reps=2000 window=1 cluster=0 time=1791286872
RMA_CASE 491 raw bandwidth_pair_s0_d63_b64_r2000_w16_c0 bandwidth bytes=64 reps=2000 window=16 cluster=0 time=1791286872
RMA_CASE 492 raw bandwidth_pair_s0_d7_b16384_r2000_w1_c0 bandwidth bytes=16384 reps=2000 window=1 cluster=0 time=1791286872
RMA_CASE 493 raw bandwidth_pair_s0_d8_b1024_r2000_w8_c0 bandwidth bytes=1024 reps=2000 window=8 cluster=0 time=1791286872
RMA_CASE 494 raw bandwidth_pair_s0_d8_b8_r2000_w4_c0 bandwidth bytes=8 reps=2000 window=4 cluster=0 time=1791286872
RMA_CASE 495 raw bandwidth_pair_s8_d16_b65536_r2000_w1_c0 bandwidth bytes=65536 reps=2000 window=1 cluster=0 time=1791286872
RMA_CASE 496 raw contention_split_far2_s0_d0_b1024_r2000_w1_c10 contention bytes=1024 reps=2000 window=1 cluster=10 time=1791286872
RMA_CASE 497 raw contention_incast3_s0_d0_b1024_r2000_w1_c5 contention bytes=1024 reps=2000 window=1 cluster=5 time=1791286872
RMA_CASE 498 raw bandwidth_pair_s0_d63_b256_r2000_w2_c0 bandwidth bytes=256 reps=2000 window=2 cluster=0 time=1791286872
RMA_CASE 499 raw bandwidth_pair_s9_d18_b4096_r2000_w16_c0 bandwidth bytes=4096 reps=2000 window=16 cluster=0 time=1791286872
RMA_CASE 500 raw bandwidth_pair_s0_d1_b16384_r2000_w4_c0 bandwidth bytes=16384 reps=2000 window=4 cluster=0 time=1791286872
RMA_CASE 501 raw bandwidth_pair_s0_d56_b128_r2000_w1_c0 bandwidth bytes=128 reps=2000 window=1 cluster=0 time=1791286872
RMA_CASE 502 raw bandwidth_pair_s9_d18_b64_r2000_w4_c0 bandwidth bytes=64 reps=2000 window=4 cluster=0 time=1791286872
RMA_CASE 503 raw bandwidth_pair_s0_d1_b64_r2000_w2_c0 bandwidth bytes=64 reps=2000 window=2 cluster=0 time=1791286872
RMA_CASE 504 raw bandwidth_pair_s0_d7_b64_r2000_w1_c0 bandwidth bytes=64 reps=2000 window=1 cluster=0 time=1791286872
RMA_CASE 505 raw contention_single_s0_d0_b64_r2000_w4_c5 contention bytes=64 reps=2000 window=4 cluster=5 time=1791286872
RMA_CASE 506 raw contention_single_s0_d0_b1024_r2000_w1_c10 contention bytes=1024 reps=2000 window=1 cluster=10 time=1791286872
RMA_CASE 507 raw bandwidth_pair_s0_d9_b8_r2000_w4_c0 bandwidth bytes=8 reps=2000 window=4 cluster=0 time=1791286872
RMA_CASE 508 raw bandwidth_pair_s9_d18_b128_r2000_w8_c0 bandwidth bytes=128 reps=2000 window=8 cluster=0 time=1791286872
RMA_CASE 509 raw bandwidth_pair_s8_d16_b128_r2000_w16_c0 bandwidth bytes=128 reps=2000 window=16 cluster=0 time=1791286872
RMA_CASE 510 raw bandwidth_pair_s0_d7_b128_r2000_w4_c0 bandwidth bytes=128 reps=2000 window=4 cluster=0 time=1791286872
RMA_CASE 511 raw bandwidth_pair_s1_d2_b1024_r2000_w4_c0 bandwidth bytes=1024 reps=2000 window=4 cluster=0 time=1791286872
RMA_CASE 512 raw bandwidth_pair_s0_d7_b1024_r2000_w8_c0 bandwidth bytes=1024 reps=2000 window=8 cluster=0 time=1791286872
RMA_CASE 513 raw bandwidth_pair_s0_d7_b4096_r2000_w4_c0 bandwidth bytes=4096 reps=2000 window=4 cluster=0 time=1791286872
RMA_CASE 514 raw bandwidth_pair_s8_d16_b4096_r2000_w8_c0 bandwidth bytes=4096 reps=2000 window=8 cluster=0 time=1791286872
RMA_CASE 515 raw bandwidth_pair_s0_d56_b8_r2000_w16_c0 bandwidth bytes=8 reps=2000 window=16 cluster=0 time=1791286872
RMA_CASE 516 raw bandwidth_pair_s8_d16_b32768_r2000_w2_c0 bandwidth bytes=32768 reps=2000 window=2 cluster=0 time=1791286872
RMA_CASE 517 raw bandwidth_pair_s0_d63_b1024_r2000_w1_c0 bandwidth bytes=1024 reps=2000 window=1 cluster=0 time=1791286872
RMA_CASE 518 raw bandwidth_pair_s9_d18_b256_r2000_w4_c0 bandwidth bytes=256 reps=2000 window=4 cluster=0 time=1791286872
RMA_CASE 519 raw bandwidth_pair_s0_d56_b16_r2000_w2_c0 bandwidth bytes=16 reps=2000 window=2 cluster=0 time=1791286872
RMA_CASE 520 raw bandwidth_pair_s0_d63_b16_r2000_w1_c0 bandwidth bytes=16 reps=2000 window=1 cluster=0 time=1791286872
RMA_CASE 521 raw bandwidth_pair_s0_d1_b8_r2000_w4_c0 bandwidth bytes=8 reps=2000 window=4 cluster=0 time=1791286872
RMA_CASE 522 raw bandwidth_pair_s8_d16_b4096_r2000_w16_c0 bandwidth bytes=4096 reps=2000 window=16 cluster=0 time=1791286872
RMA_CASE 523 raw bandwidth_pair_s8_d16_b32_r2000_w16_c0 bandwidth bytes=32 reps=2000 window=16 cluster=0 time=1791286872
RMA_CASE 524 raw contention_alltoall4_s0_d0_b64_r2000_w1_c10 contention bytes=64 reps=2000 window=1 cluster=10 time=1791286872
RMA_CASE 525 raw bandwidth_pair_s8_d16_b128_r2000_w1_c0 bandwidth bytes=128 reps=2000 window=1 cluster=0 time=1791286872
RMA_CASE 526 raw bandwidth_pair_s1_d2_b16_r2000_w16_c0 bandwidth bytes=16 reps=2000 window=16 cluster=0 time=1791286872
RMA_CASE 527 raw bandwidth_pair_s0_d56_b64_r2000_w1_c0 bandwidth bytes=64 reps=2000 window=1 cluster=0 time=1791286872
RMA_CASE 528 raw bandwidth_pair_s9_d18_b65536_r2000_w1_c0 bandwidth bytes=65536 reps=2000 window=1 cluster=0 time=1791286872
RMA_CASE 529 raw bandwidth_pair_s9_d18_b16384_r2000_w1_c0 bandwidth bytes=16384 reps=2000 window=1 cluster=0 time=1791286872
RMA_CASE 530 raw contention_alltoall4_s0_d0_b1024_r2000_w1_c15 contention bytes=1024 reps=2000 window=1 cluster=15 time=1791286872
RMA_CASE 531 raw bandwidth_pair_s8_d16_b32768_r2000_w1_c0 bandwidth bytes=32768 reps=2000 window=1 cluster=0 time=1791286872
RMA_CASE 532 raw bandwidth_pair_s0_d56_b32768_r2000_w1_c0 bandwidth bytes=32768 reps=2000 window=1 cluster=0 time=1791286872
RMA_CASE 533 raw bandwidth_pair_s0_d7_b1024_r2000_w4_c0 bandwidth bytes=1024 reps=2000 window=4 cluster=0 time=1791286872
RMA_CASE 534 raw bandwidth_pair_s0_d56_b8_r2000_w1_c0 bandwidth bytes=8 reps=2000 window=1 cluster=0 time=1791286872
RMA_CASE 535 raw bandwidth_pair_s0_d9_b65536_r2000_w1_c0 bandwidth bytes=65536 reps=2000 window=1 cluster=0 time=1791286872
RMA_CASE 536 raw contention_ring4_s0_d0_b1024_r2000_w1_c10 contention bytes=1024 reps=2000 window=1 cluster=10 time=1791286872
RMA_CASE 537 raw bandwidth_pair_s9_d18_b1024_r2000_w2_c0 bandwidth bytes=1024 reps=2000 window=2 cluster=0 time=1791286872
RMA_CASE 538 raw bandwidth_pair_s0_d8_b16_r2000_w4_c0 bandwidth bytes=16 reps=2000 window=4 cluster=0 time=1791286872
RMA_CASE 539 raw bandwidth_pair_s0_d7_b4096_r2000_w1_c0 bandwidth bytes=4096 reps=2000 window=1 cluster=0 time=1791286872
RMA_CASE 540 raw latency_pingpong_matrix_s0_d0_b32_r2000_w1_c0 latency bytes=32 reps=2000 window=1 cluster=0 time=1791286872
RMA_CASE 541 raw bandwidth_pair_s9_d18_b32768_r2000_w1_c0 bandwidth bytes=32768 reps=2000 window=1 cluster=0 time=1791286873
RMA_CASE 542 raw bandwidth_pair_s9_d18_b128_r2000_w16_c0 bandwidth bytes=128 reps=2000 window=16 cluster=0 time=1791286873
RMA_CASE 543 raw bandwidth_pair_s1_d2_b64_r2000_w8_c0 bandwidth bytes=64 reps=2000 window=8 cluster=0 time=1791286873
RMA_CASE 544 raw contention_split_side2_s0_d0_b1024_r2000_w4_c15 contention bytes=1024 reps=2000 window=4 cluster=15 time=1791286873
RMA_CASE 545 raw contention_ring4_s0_d0_b64_r2000_w4_c5 contention bytes=64 reps=2000 window=4 cluster=5 time=1791286873
RMA_CASE 546 raw bandwidth_pair_s0_d7_b16384_r2000_w2_c0 bandwidth bytes=16384 reps=2000 window=2 cluster=0 time=1791286873
RMA_CASE 547 raw bandwidth_pair_s0_d56_b4096_r2000_w16_c0 bandwidth bytes=4096 reps=2000 window=16 cluster=0 time=1791286873
RMA_CASE 548 raw contention_ring4_s0_d0_b1024_r2000_w4_c5 contention bytes=1024 reps=2000 window=4 cluster=5 time=1791286873
RMA_CASE 549 raw bandwidth_pair_s0_d7_b4096_r2000_w16_c0 bandwidth bytes=4096 reps=2000 window=16 cluster=0 time=1791286873
RMA_CASE 550 raw bandwidth_pair_s0_d56_b256_r2000_w4_c0 bandwidth bytes=256 reps=2000 window=4 cluster=0 time=1791286873
RMA_CASE 551 raw contention_alltoall4_s0_d0_b64_r2000_w1_c15 contention bytes=64 reps=2000 window=1 cluster=15 time=1791286873
RMA_CASE 552 raw contention_incast3_s0_d0_b1024_r2000_w4_c10 contention bytes=1024 reps=2000 window=4 cluster=10 time=1791286873
RMA_CASE 553 raw bandwidth_pair_s0_d8_b64_r2000_w8_c0 bandwidth bytes=64 reps=2000 window=8 cluster=0 time=1791286873
RMA_CASE 554 raw bandwidth_pair_s0_d56_b1024_r2000_w16_c0 bandwidth bytes=1024 reps=2000 window=16 cluster=0 time=1791286873
RMA_CASE 555 raw bandwidth_pair_s9_d18_b1024_r2000_w8_c0 bandwidth bytes=1024 reps=2000 window=8 cluster=0 time=1791286873
RMA_CASE 556 raw contention_incast3_s0_d0_b64_r2000_w1_c15 contention bytes=64 reps=2000 window=1 cluster=15 time=1791286873
RMA_CASE 557 raw bandwidth_pair_s9_d18_b4096_r2000_w1_c0 bandwidth bytes=4096 reps=2000 window=1 cluster=0 time=1791286873
RMA_CASE 558 raw latency_pingpong_matrix_s0_d0_b256_r2000_w1_c0 latency bytes=256 reps=2000 window=1 cluster=0 time=1791286873
RMA_CASE 559 raw bandwidth_pair_s1_d2_b64_r2000_w4_c0 bandwidth bytes=64 reps=2000 window=4 cluster=0 time=1791286874
RMA_CASE 560 raw bandwidth_pair_s0_d1_b32_r2000_w2_c0 bandwidth bytes=32 reps=2000 window=2 cluster=0 time=1791286874
RMA_CASE 561 raw contention_split_near2_s0_d0_b1024_r2000_w4_c0 contention bytes=1024 reps=2000 window=4 cluster=0 time=1791286874
RMA_CASE 562 raw bandwidth_pair_s0_d9_b256_r2000_w8_c0 bandwidth bytes=256 reps=2000 window=8 cluster=0 time=1791286874
RMA_CASE 563 raw bandwidth_pair_s1_d2_b65536_r2000_w1_c0 bandwidth bytes=65536 reps=2000 window=1 cluster=0 time=1791286874
RMA_CASE 564 raw bandwidth_pair_s1_d2_b4096_r2000_w4_c0 bandwidth bytes=4096 reps=2000 window=4 cluster=0 time=1791286874
RMA_CASE 565 raw bandwidth_pair_s0_d1_b128_r2000_w16_c0 bandwidth bytes=128 reps=2000 window=16 cluster=0 time=1791286874
RMA_CASE 566 raw bandwidth_pair_s0_d1_b128_r2000_w4_c0 bandwidth bytes=128 reps=2000 window=4 cluster=0 time=1791286874
RMA process completed: 566 cases.
dispatching ...
Job 8433995 has been finished.
